# All posible cases of error

>>> add_integer = __import__('0-add_integer').add_integer

>>> add_integer(2, -2)
0

>>> add_integer(-2, 2)
0

>>> add_integer("0", 0)
Traceback (most recent call last):
	  	...
TypeError: a must be an integer

>>> add_integer(0, "0")
Traceback (most recent call last):
	  	...
TypeError: b must be an integer

>>> add_integer(None)
Traceback (most recent call last):
	  	...
TypeError: a must be an integer

>>> add_integer(0, None)
Traceback (most recent call last):
	  	...
TypeError: b must be an integer

>>> add_integer(30.6, 5)
35
